<html>
<body>
<pre>
<h1>礦ision Build Log</h1>
<h2>Tool Versions:</h2>
IDE-Version: μVision V5.12.0.0
Copyright (C) 2014 ARM Ltd and ARM Germany GmbH. All rights reserved.
License Information: 12 Administrator, 1, LIC=IC9MM-XJIK2-767QT-RESFN-JJCCN-2W6AU
 
Tool Versions:
Toolchain:       MDK-ARM Professional  Version: 5.12.0.0
Toolchain Path:  E:\Keil_v5\ARM\ARMCC\Bin
C Compiler:      Armcc.exe V5.05 (build 41)
Assembler:       Armasm.exe V5.05 (build 41)
Linker/Locator:  ArmLink.exe V5.05 (build 41)
Library Manager: ArmAr.exe V5.05 (build 41)
Hex Converter:   FromElf.exe V5.05 (build 41)
CPU DLL:         SARMCM3.DLL V5.12.0.0
Dialog DLL:      DCM.DLL V1.13.0.0
Target DLL:      UL2CM3.DLL V1.153.0.0
Dialog DLL:      TCM.DLL V1.14.2.0
 
<h2>Project:</h2>
C:\Users\Administrator\Desktop\learning_tinyOS\learning_tinyOS\lesson10_2互斥信号量的等待与通知\tinyOS.uvprojx
Project File Date:  04/22/2018

<h2>Output:</h2>
*** Note: Rebuilding project, since 'Options->Output->Create Batch File' is selected.
Rebuild target 'Target 1'
compiling main.c...
compiling switch.c...
compiling bitmap.c...
compiling list.c...
compiling t_cpu.c...
compiling t_task.c...
compiling t_time.c...
compiling app.c...
compiling t_event.c...
compiling t_sem.c...
compiling t_mbox.c...
compiling t_mem_block.c...
compiling t_flag_group.c...
compiling t_mutex.c...
assembling startup_ARMCM3.s...
compiling system_ARMCM3.c...
linking...
Program Size: Code=3322 RO-data=482 RW-data=40 ZI-data=25456  
FromELF: creating hex file...
".\Objects\tinyOS.axf" - 0 Error(s), 0 Warning(s).

<h2>Software Packages used:</h2>

Package Vendor: ARM
                http://www.keil.com/pack/ARM.CMSIS.4.2.0.pack
                ARM: